------------------------------------------------------------
Timing Analyzer Summary
------------------------------------------------------------

Type  : Slow 1100mV 85C Model Setup 'clock'
Slack : 4.373
TNS   : 0.000

Type  : Slow 1100mV 85C Model Hold 'clock'
Slack : 0.243
TNS   : 0.000

Type  : Slow 1100mV 85C Model Minimum Pulse Width 'clock'
Slack : 3.688
TNS   : 0.000

Type  : Slow 1100mV 0C Model Setup 'clock'
Slack : 4.364
TNS   : 0.000

Type  : Slow 1100mV 0C Model Hold 'clock'
Slack : 0.229
TNS   : 0.000

Type  : Slow 1100mV 0C Model Minimum Pulse Width 'clock'
Slack : 3.607
TNS   : 0.000

Type  : Fast 1100mV 85C Model Setup 'clock'
Slack : 7.093
TNS   : 0.000

Type  : Fast 1100mV 85C Model Hold 'clock'
Slack : 0.139
TNS   : 0.000

Type  : Fast 1100mV 85C Model Minimum Pulse Width 'clock'
Slack : 3.784
TNS   : 0.000

Type  : Fast 1100mV 0C Model Setup 'clock'
Slack : 7.345
TNS   : 0.000

Type  : Fast 1100mV 0C Model Hold 'clock'
Slack : 0.125
TNS   : 0.000

Type  : Fast 1100mV 0C Model Minimum Pulse Width 'clock'
Slack : 3.775
TNS   : 0.000

------------------------------------------------------------
